******************************************************************************
                  TI ARM Linker PC v18.1.2                     
******************************************************************************
>> Linked Tue Nov 27 22:26:39 2018

OUTPUT FILE NAME:   <projeto4.out>
ENTRY POINT SYMBOL: "_c_int00_noargs"  address: 00002691


MEMORY CONFIGURATION

         name            origin    length      used     unused   attr    fill
----------------------  --------  ---------  --------  --------  ----  --------
  FLASH                 00000000   00040000  000028f1  0003d70f  R  X
  SRAM                  20000000   00008000  00000818  000077e8  RW X


SEGMENT ALLOCATION MAP

run origin  load origin   length   init length attrs members
----------  ----------- ---------- ----------- ----- -------
00000000    00000000    000028f8   000028f8    r-x
  00000000    00000000    0000026c   0000026c    r-- .intvecs
  0000026c    0000026c    00002554   00002554    r-x .text
  000027c0    000027c0    00000101   00000101    r-- .const
  000028c8    000028c8    00000030   00000030    r-- .cinit
20000000    20000000    00000818   00000000    rw-
  20000000    20000000    00000800   00000000    rw- .stack
  20000800    20000800    00000014   00000000    rw- .bss
  20000814    20000814    00000004   00000000    rw- .data


SECTION ALLOCATION MAP

 output                                  attributes/
section   page    origin      length       input sections
--------  ----  ----------  ----------   ----------------
.intvecs   0    00000000    0000026c     
                  00000000    0000026c     tm4c123gh6pm_startup_ccs.obj (.intvecs)

.text      0    0000026c    00002554     
                  0000026c    00000a5e     rtsv7M4_T_le_v4SPD16_eabi.lib : _printfi.c.obj (.text:__TI_printfi)
                  00000cca    00000002                                   : div0.asm.obj (.text)
                  00000ccc    00000354     gpioUtils.obj (.text)
                  00001020    00000278     main.obj (.text)
                  00001298    00000270     rtsv7M4_T_le_v4SPD16_eabi.lib : _printfi.c.obj (.text:_pconv_a)
                  00001508    000001d0                                   : _printfi.c.obj (.text:_pconv_g)
                  000016d8    000001b6                                   : fd_add_t2.asm.obj (.text)
                  0000188e    00000002     --HOLE-- [fill = 0]
                  00001890    00000168     utilitarioTiva.obj (.text)
                  000019f8    0000013c     rtsv7M4_T_le_v4SPD16_eabi.lib : _printfi.c.obj (.text:_pconv_e)
                  00001b34    00000136                                   : fd_div_t2.asm.obj (.text)
                  00001c6a    00000002     --HOLE-- [fill = 0]
                  00001c6c    00000120                                   : _printfi.c.obj (.text:fcvt)
                  00001d8c    00000110                                   : s_scalbn.c.obj (.text:scalbn)
                  00001e9c    000000fc                                   : fd_mul_t2.asm.obj (.text)
                  00001f98    000000b1                                   : _printfi.c.obj (.text:_ltostr)
                  00002049    00000001     --HOLE-- [fill = 0]
                  0000204a    0000009c                                   : memcpy_t2.asm.obj (.text)
                  000020e6    00000096                                   : ull_div_t2.asm.obj (.text)
                  0000217c    00000086                                   : fd_cmp_t2.asm.obj (.text:__aeabi_cdcmple)
                  00002202    00000086                                   : fd_cmp_t2.asm.obj (.text:__aeabi_cdrcmple)
                  00002288    0000007a                                   : memset_t2.asm.obj (.text)
                  00002302    0000006e                                   : _printfi.c.obj (.text:_mcpy)
                  00002370    00000068                                   : copy_decompress_lzss.c.obj (.text:decompress:lzss:__TI_decompress_lzss)
                  000023d8    00000064                                   : s_frexp.c.obj (.text:frexp)
                  0000243c    00000056                                   : _printfi.c.obj (.text:_pconv_f)
                  00002492    00000054                                   : ltoa.c.obj (.text:ltoa)
                  000024e6    00000052                                   : _printfi.c.obj (.text:_ecpy)
                  00002538    0000004c                                   : atoi.c.obj (.text:atoi)
                  00002584    00000048                                   : fd_toi_t2.asm.obj (.text)
                  000025cc    00000044                                   : autoinit.c.obj (.text:__TI_auto_init_nobinit_nopinit:__TI_auto_init_nobinit_nopinit)
                  00002610    00000040                                   : sprintf.c.obj (.text:sprintf)
                  00002650    0000003e                                   : _printfi.c.obj (.text:_fcpy)
                  0000268e    00000002     --HOLE-- [fill = 0]
                  00002690    00000038                                   : boot_cortex_m.c.obj (.text:_c_int00_noargs:_c_int00_noargs)
                  000026c8    0000002e                                   : i_tofd_t2.asm.obj (.text)
                  000026f6    0000001c                                   : memccpy.c.obj (.text:memccpy)
                  00002712    00000018                                   : sprintf.c.obj (.text:_outs)
                  0000272a    00000016                                   : strchr.c.obj (.text:strchr)
                  00002740    00000014                                   : s_copysign.c.obj (.text:copysign)
                  00002754    00000014                                   : strlen.c.obj (.text:strlen)
                  00002768    00000012                                   : copy_zero_init.c.obj (.text:decompress:ZI:__TI_zero_init_nomemset:__TI_zero_init_nomemset)
                  0000277a    00000012                                   : wcslen.c.obj (.text:wcslen)
                  0000278c    0000000e                                   : copy_decompress_none.c.obj (.text:decompress:none:__TI_decompress_none)
                  0000279a    0000000c     tm4c123gh6pm_startup_ccs.obj (.text)
                  000027a6    0000000a     rtsv7M4_T_le_v4SPD16_eabi.lib : sprintf.c.obj (.text:_outc)
                  000027b0    00000008                                   : errno.c.obj (.text:__aeabi_errno_addr)
                  000027b8    00000004                                   : pre_init.c.obj (.text:_system_pre_init)
                  000027bc    00000004                                   : exit.c.obj (.text:abort:abort)

.const     0    000027c0    00000101     
                  000027c0    00000101     rtsv7M4_T_le_v4SPD16_eabi.lib : ctype.c.obj (.const:.string:_ctypes_)

.cinit     0    000028c8    00000030     
                  000028c8    0000000c     (__TI_handler_table)
                  000028d4    00000004     --HOLE-- [fill = 0]
                  000028d8    00000008     (.cinit..bss.load) [load image, compression = zero_init]
                  000028e0    00000007     (.cinit..data.load) [load image, compression = lzss]
                  000028e7    00000001     --HOLE-- [fill = 0]
                  000028e8    00000010     (__TI_cinit_table)

.init_array 
*          0    00000000    00000000     UNINITIALIZED

.bss       0    20000800    00000014     UNINITIALIZED
                  20000800    0000000c     (.common:data)
                  2000080c    00000004     (.common:microsAtual)
                  20000810    00000004     (.common:millisAtual)

.data      0    20000814    00000004     UNINITIALIZED
                  20000814    00000004     rtsv7M4_T_le_v4SPD16_eabi.lib : errno.c.obj (.data)

.stack     0    20000000    00000800     UNINITIALIZED
                  20000000    00000004     rtsv7M4_T_le_v4SPD16_eabi.lib : boot_cortex_m.c.obj (.stack)
                  20000004    000007fc     --HOLE--

MODULE SUMMARY

       Module                         code   ro data   rw data
       ------                         ----   -------   -------
    .\
       main.obj                       632    0         12     
       tm4c123gh6pm_startup_ccs.obj   12     620       0      
    +--+------------------------------+------+---------+---------+
       Total:                         644    620       12     
                                                              
    .\bibliotecas\
       gpioUtils.obj                  852    0         0      
       utilitarioTiva.obj             360    0         8      
    +--+------------------------------+------+---------+---------+
       Total:                         1212   0         8      
                                                              
    C:\ti\ccsv8\tools\compiler\ti-cgt-arm_18.1.2.LTS\lib\rtsv7M4_T_le_v4SPD16_eabi.lib
       _printfi.c.obj                 4863   0         0      
       fd_add_t2.asm.obj              438    0         0      
       fd_div_t2.asm.obj              310    0         0      
       s_scalbn.c.obj                 272    0         0      
       fd_cmp_t2.asm.obj              268    0         0      
       ctype.c.obj                    0      257       0      
       fd_mul_t2.asm.obj              252    0         0      
       memcpy_t2.asm.obj              156    0         0      
       ull_div_t2.asm.obj             150    0         0      
       memset_t2.asm.obj              122    0         0      
       copy_decompress_lzss.c.obj     104    0         0      
       s_frexp.c.obj                  100    0         0      
       sprintf.c.obj                  98     0         0      
       ltoa.c.obj                     84     0         0      
       atoi.c.obj                     76     0         0      
       fd_toi_t2.asm.obj              72     0         0      
       autoinit.c.obj                 68     0         0      
       boot_cortex_m.c.obj            56     0         0      
       i_tofd_t2.asm.obj              46     0         0      
       memccpy.c.obj                  28     0         0      
       strchr.c.obj                   22     0         0      
       s_copysign.c.obj               20     0         0      
       strlen.c.obj                   20     0         0      
       copy_zero_init.c.obj           18     0         0      
       wcslen.c.obj                   18     0         0      
       copy_decompress_none.c.obj     14     0         0      
       errno.c.obj                    8      0         4      
       exit.c.obj                     4      0         0      
       pre_init.c.obj                 4      0         0      
       div0.asm.obj                   2      0         0      
    +--+------------------------------+------+---------+---------+
       Total:                         7693   257       4      
                                                              
       Stack:                         0      0         2048   
       Linker Generated:              0      43        0      
    +--+------------------------------+------+---------+---------+
       Grand Total:                   9549   920       2072   


LINKER GENERATED COPY TABLES

__TI_cinit_table @ 000028e8 records: 2, size/record: 8, table size: 16
	.bss: load addr=000028d8, load size=00000008 bytes, run addr=20000800, run size=00000014 bytes, compression=zero_init
	.data: load addr=000028e0, load size=00000007 bytes, run addr=20000814, run size=00000004 bytes, compression=lzss


LINKER GENERATED HANDLER TABLE

__TI_handler_table @ 000028c8 records: 3, size/record: 4, table size: 12
	index: 0, handler: __TI_decompress_lzss
	index: 1, handler: __TI_decompress_none
	index: 2, handler: __TI_zero_init


GLOBAL SYMBOLS: SORTED ALPHABETICALLY BY Name 

address   name                          
-------   ----                          
000027bd  C$$EXIT                       
0000279b  ResetISR                      
20000800  __STACK_END                   
00000800  __STACK_SIZE                  
20000200  __STACK_TOP                   
000028e8  __TI_CINIT_Base               
000028f8  __TI_CINIT_Limit              
000028c8  __TI_Handler_Table_Base       
000028d4  __TI_Handler_Table_Limit      
000025cd  __TI_auto_init_nobinit_nopinit
00002371  __TI_decompress_lzss          
0000278d  __TI_decompress_none          
ffffffff  __TI_pprof_out_hndl           
0000026d  __TI_printfi                  
ffffffff  __TI_prof_data_size           
ffffffff  __TI_prof_data_start          
00000000  __TI_static_base__            
00002769  __TI_zero_init_nomemset       
0000217d  __aeabi_cdcmpeq               
0000217d  __aeabi_cdcmple               
00002203  __aeabi_cdrcmple              
00002585  __aeabi_d2iz                  
000016e3  __aeabi_dadd                  
00001b35  __aeabi_ddiv                  
00001e9d  __aeabi_dmul                  
000016d9  __aeabi_dsub                  
000027b1  __aeabi_errno_addr            
000026c9  __aeabi_i2d                   
00000ccb  __aeabi_idiv0                 
00000ccb  __aeabi_ldiv0                 
00002289  __aeabi_memclr                
00002289  __aeabi_memclr4               
00002289  __aeabi_memclr8               
0000204b  __aeabi_memcpy                
0000204b  __aeabi_memcpy4               
0000204b  __aeabi_memcpy8               
0000228b  __aeabi_memset                
0000228b  __aeabi_memset4               
0000228b  __aeabi_memset8               
000020e7  __aeabi_uldivmod              
ffffffff  __binit__                     
ffffffff  __c_args__                    
UNDEFED   __mpu_init                    
20000000  __stack                       
00002691  _c_int00_noargs               
000027c0  _ctypes_                      
UNDEFED   _system_post_cinit            
000027b9  _system_pre_init              
000027bd  abort                         
00000d6d  ativarADC                     
00000d55  ativarRCGC                    
00002539  atoi                          
ffffffff  binit                         
00000def  configurarADC0                
00000e7f  configurarADC1                
00000e23  configurarFilaADC0            
00000eb3  configurarFilaADC1            
00000d85  configurarInterrupcao         
00000d2f  configurarPino                
00001891  configurarSysTick             
00000f0f  configurarUART0               
00002741  copysign                      
00002741  copysignl                     
20000800  data                          
000018d7  delay                         
20000814  errno                         
00000f77  escreverUART0                 
000023d9  frexp                         
000023d9  frexpl                        
00000000  g_pfnVectors                  
000018fb  getMicro                      
000018f5  getMillis                     
00000dd1  habilitarADCPorts             
00000cfd  inverterBit                   
00001901  itoa                          
00001d8d  ldexp                         
00001d8d  ldexpl                        
00000d17  lerBit                        
00002493  ltoa                          
000011b9  main                          
000026f7  memccpy                       
0000204b  memcpy                        
00002291  memset                        
2000080c  microsAtual                   
20000810  millisAtual                   
00001d8d  scalbn                        
00001d8d  scalbnl                       
00001189  sendStruct                    
00001157  sendUartText                  
00000ccd  setarBit                      
00001021  setup                         
00002611  sprintf                       
0000272b  strchr                        
00002755  strlen                        
00001205  trataPortA                    
00001207  trataPortB                    
00001209  trataPortC                    
0000120b  trataPortD                    
0000120d  trataPortE                    
0000120f  trataPortF                    
000018a9  trataST                       
0000277b  wcslen                        


GLOBAL SYMBOLS: SORTED BY Symbol Address 

address   name                          
-------   ----                          
00000000  __TI_static_base__            
00000000  g_pfnVectors                  
0000026d  __TI_printfi                  
00000800  __STACK_SIZE                  
00000ccb  __aeabi_idiv0                 
00000ccb  __aeabi_ldiv0                 
00000ccd  setarBit                      
00000cfd  inverterBit                   
00000d17  lerBit                        
00000d2f  configurarPino                
00000d55  ativarRCGC                    
00000d6d  ativarADC                     
00000d85  configurarInterrupcao         
00000dd1  habilitarADCPorts             
00000def  configurarADC0                
00000e23  configurarFilaADC0            
00000e7f  configurarADC1                
00000eb3  configurarFilaADC1            
00000f0f  configurarUART0               
00000f77  escreverUART0                 
00001021  setup                         
00001157  sendUartText                  
00001189  sendStruct                    
000011b9  main                          
00001205  trataPortA                    
00001207  trataPortB                    
00001209  trataPortC                    
0000120b  trataPortD                    
0000120d  trataPortE                    
0000120f  trataPortF                    
000016d9  __aeabi_dsub                  
000016e3  __aeabi_dadd                  
00001891  configurarSysTick             
000018a9  trataST                       
000018d7  delay                         
000018f5  getMillis                     
000018fb  getMicro                      
00001901  itoa                          
00001b35  __aeabi_ddiv                  
00001d8d  ldexp                         
00001d8d  ldexpl                        
00001d8d  scalbn                        
00001d8d  scalbnl                       
00001e9d  __aeabi_dmul                  
0000204b  __aeabi_memcpy                
0000204b  __aeabi_memcpy4               
0000204b  __aeabi_memcpy8               
0000204b  memcpy                        
000020e7  __aeabi_uldivmod              
0000217d  __aeabi_cdcmpeq               
0000217d  __aeabi_cdcmple               
00002203  __aeabi_cdrcmple              
00002289  __aeabi_memclr                
00002289  __aeabi_memclr4               
00002289  __aeabi_memclr8               
0000228b  __aeabi_memset                
0000228b  __aeabi_memset4               
0000228b  __aeabi_memset8               
00002291  memset                        
00002371  __TI_decompress_lzss          
000023d9  frexp                         
000023d9  frexpl                        
00002493  ltoa                          
00002539  atoi                          
00002585  __aeabi_d2iz                  
000025cd  __TI_auto_init_nobinit_nopinit
00002611  sprintf                       
00002691  _c_int00_noargs               
000026c9  __aeabi_i2d                   
000026f7  memccpy                       
0000272b  strchr                        
00002741  copysign                      
00002741  copysignl                     
00002755  strlen                        
00002769  __TI_zero_init_nomemset       
0000277b  wcslen                        
0000278d  __TI_decompress_none          
0000279b  ResetISR                      
000027b1  __aeabi_errno_addr            
000027b9  _system_pre_init              
000027bd  C$$EXIT                       
000027bd  abort                         
000027c0  _ctypes_                      
000028c8  __TI_Handler_Table_Base       
000028d4  __TI_Handler_Table_Limit      
000028e8  __TI_CINIT_Base               
000028f8  __TI_CINIT_Limit              
20000000  __stack                       
20000200  __STACK_TOP                   
20000800  __STACK_END                   
20000800  data                          
2000080c  microsAtual                   
20000810  millisAtual                   
20000814  errno                         
ffffffff  __TI_pprof_out_hndl           
ffffffff  __TI_prof_data_size           
ffffffff  __TI_prof_data_start          
ffffffff  __binit__                     
ffffffff  __c_args__                    
ffffffff  binit                         
UNDEFED   __mpu_init                    
UNDEFED   _system_post_cinit            

[102 symbols]
