******************************************************************************
                  TI ARM Linker PC v18.1.2                     
******************************************************************************
>> Linked Thu Nov 29 00:11:52 2018

OUTPUT FILE NAME:   <projeto4.out>
ENTRY POINT SYMBOL: "_c_int00_noargs"  address: 0000262d


MEMORY CONFIGURATION

         name            origin    length      used     unused   attr    fill
----------------------  --------  ---------  --------  --------  ----  --------
  FLASH                 00000000   00040000  0000288d  0003d773  R  X
  SRAM                  20000000   00008000  00000818  000077e8  RW X


SEGMENT ALLOCATION MAP

run origin  load origin   length   init length attrs members
----------  ----------- ---------- ----------- ----- -------
00000000    00000000    00002890   00002890    r-x
  00000000    00000000    0000026c   0000026c    r-- .intvecs
  0000026c    0000026c    000024f0   000024f0    r-x .text
  0000275c    0000275c    00000101   00000101    r-- .const
  00002860    00002860    00000030   00000030    r-- .cinit
20000000    20000000    00000818   00000000    rw-
  20000000    20000000    00000800   00000000    rw- .stack
  20000800    20000800    00000014   00000000    rw- .bss
  20000814    20000814    00000004   00000000    rw- .data


SECTION ALLOCATION MAP

 output                                  attributes/
section   page    origin      length       input sections
--------  ----  ----------  ----------   ----------------
.intvecs   0    00000000    0000026c     
                  00000000    0000026c     tm4c123gh6pm_startup_ccs.obj (.intvecs)

.text      0    0000026c    000024f0     
                  0000026c    00000a5e     rtsv7M4_T_le_v4SPD16_eabi.lib : _printfi.c.obj (.text:__TI_printfi)
                  00000cca    00000002                                   : div0.asm.obj (.text)
                  00000ccc    00000360     gpioUtils.obj (.text)
                  0000102c    00000270     rtsv7M4_T_le_v4SPD16_eabi.lib : _printfi.c.obj (.text:_pconv_a)
                  0000129c    00000208     main.obj (.text)
                  000014a4    000001d0     rtsv7M4_T_le_v4SPD16_eabi.lib : _printfi.c.obj (.text:_pconv_g)
                  00001674    000001b6                                   : fd_add_t2.asm.obj (.text)
                  0000182a    00000002     --HOLE-- [fill = 0]
                  0000182c    00000168     utilitarioTiva.obj (.text)
                  00001994    0000013c     rtsv7M4_T_le_v4SPD16_eabi.lib : _printfi.c.obj (.text:_pconv_e)
                  00001ad0    00000136                                   : fd_div_t2.asm.obj (.text)
                  00001c06    00000002     --HOLE-- [fill = 0]
                  00001c08    00000120                                   : _printfi.c.obj (.text:fcvt)
                  00001d28    00000110                                   : s_scalbn.c.obj (.text:scalbn)
                  00001e38    000000fc                                   : fd_mul_t2.asm.obj (.text)
                  00001f34    000000b1                                   : _printfi.c.obj (.text:_ltostr)
                  00001fe5    00000001     --HOLE-- [fill = 0]
                  00001fe6    0000009c                                   : memcpy_t2.asm.obj (.text)
                  00002082    00000096                                   : ull_div_t2.asm.obj (.text)
                  00002118    00000086                                   : fd_cmp_t2.asm.obj (.text:__aeabi_cdcmple)
                  0000219e    00000086                                   : fd_cmp_t2.asm.obj (.text:__aeabi_cdrcmple)
                  00002224    0000007a                                   : memset_t2.asm.obj (.text)
                  0000229e    0000006e                                   : _printfi.c.obj (.text:_mcpy)
                  0000230c    00000068                                   : copy_decompress_lzss.c.obj (.text:decompress:lzss:__TI_decompress_lzss)
                  00002374    00000064                                   : s_frexp.c.obj (.text:frexp)
                  000023d8    00000056                                   : _printfi.c.obj (.text:_pconv_f)
                  0000242e    00000054                                   : ltoa.c.obj (.text:ltoa)
                  00002482    00000052                                   : _printfi.c.obj (.text:_ecpy)
                  000024d4    0000004c                                   : atoi.c.obj (.text:atoi)
                  00002520    00000048                                   : fd_toi_t2.asm.obj (.text)
                  00002568    00000044                                   : autoinit.c.obj (.text:__TI_auto_init_nobinit_nopinit:__TI_auto_init_nobinit_nopinit)
                  000025ac    00000040                                   : sprintf.c.obj (.text:sprintf)
                  000025ec    0000003e                                   : _printfi.c.obj (.text:_fcpy)
                  0000262a    00000002     --HOLE-- [fill = 0]
                  0000262c    00000038                                   : boot_cortex_m.c.obj (.text:_c_int00_noargs:_c_int00_noargs)
                  00002664    0000002e                                   : i_tofd_t2.asm.obj (.text)
                  00002692    0000001c                                   : memccpy.c.obj (.text:memccpy)
                  000026ae    00000018                                   : sprintf.c.obj (.text:_outs)
                  000026c6    00000016                                   : strchr.c.obj (.text:strchr)
                  000026dc    00000014                                   : s_copysign.c.obj (.text:copysign)
                  000026f0    00000014                                   : strlen.c.obj (.text:strlen)
                  00002704    00000012                                   : copy_zero_init.c.obj (.text:decompress:ZI:__TI_zero_init_nomemset:__TI_zero_init_nomemset)
                  00002716    00000012                                   : wcslen.c.obj (.text:wcslen)
                  00002728    0000000e                                   : copy_decompress_none.c.obj (.text:decompress:none:__TI_decompress_none)
                  00002736    0000000c     tm4c123gh6pm_startup_ccs.obj (.text)
                  00002742    0000000a     rtsv7M4_T_le_v4SPD16_eabi.lib : sprintf.c.obj (.text:_outc)
                  0000274c    00000008                                   : errno.c.obj (.text:__aeabi_errno_addr)
                  00002754    00000004                                   : pre_init.c.obj (.text:_system_pre_init)
                  00002758    00000004                                   : exit.c.obj (.text:abort:abort)

.const     0    0000275c    00000101     
                  0000275c    00000101     rtsv7M4_T_le_v4SPD16_eabi.lib : ctype.c.obj (.const:.string:_ctypes_)

.cinit     0    00002860    00000030     
                  00002860    0000000c     (__TI_handler_table)
                  0000286c    00000004     --HOLE-- [fill = 0]
                  00002870    00000008     (.cinit..bss.load) [load image, compression = zero_init]
                  00002878    00000007     (.cinit..data.load) [load image, compression = lzss]
                  0000287f    00000001     --HOLE-- [fill = 0]
                  00002880    00000010     (__TI_cinit_table)

.init_array 
*          0    00000000    00000000     UNINITIALIZED

.bss       0    20000800    00000014     UNINITIALIZED
                  20000800    0000000c     (.common:data)
                  2000080c    00000004     (.common:microsAtual)
                  20000810    00000004     (.common:millisAtual)

.data      0    20000814    00000004     UNINITIALIZED
                  20000814    00000004     rtsv7M4_T_le_v4SPD16_eabi.lib : errno.c.obj (.data)

.stack     0    20000000    00000800     UNINITIALIZED
                  20000000    00000004     rtsv7M4_T_le_v4SPD16_eabi.lib : boot_cortex_m.c.obj (.stack)
                  20000004    000007fc     --HOLE--

MODULE SUMMARY

       Module                         code   ro data   rw data
       ------                         ----   -------   -------
    .\
       tm4c123gh6pm_startup_ccs.obj   12     620       0      
       main.obj                       520    0         12     
    +--+------------------------------+------+---------+---------+
       Total:                         532    620       12     
                                                              
    .\bibliotecas\
       gpioUtils.obj                  864    0         0      
       utilitarioTiva.obj             360    0         8      
    +--+------------------------------+------+---------+---------+
       Total:                         1224   0         8      
                                                              
    C:\ti\ccsv8\tools\compiler\ti-cgt-arm_18.1.2.LTS\lib\rtsv7M4_T_le_v4SPD16_eabi.lib
       _printfi.c.obj                 4863   0         0      
       fd_add_t2.asm.obj              438    0         0      
       fd_div_t2.asm.obj              310    0         0      
       s_scalbn.c.obj                 272    0         0      
       fd_cmp_t2.asm.obj              268    0         0      
       ctype.c.obj                    0      257       0      
       fd_mul_t2.asm.obj              252    0         0      
       memcpy_t2.asm.obj              156    0         0      
       ull_div_t2.asm.obj             150    0         0      
       memset_t2.asm.obj              122    0         0      
       copy_decompress_lzss.c.obj     104    0         0      
       s_frexp.c.obj                  100    0         0      
       sprintf.c.obj                  98     0         0      
       ltoa.c.obj                     84     0         0      
       atoi.c.obj                     76     0         0      
       fd_toi_t2.asm.obj              72     0         0      
       autoinit.c.obj                 68     0         0      
       boot_cortex_m.c.obj            56     0         0      
       i_tofd_t2.asm.obj              46     0         0      
       memccpy.c.obj                  28     0         0      
       strchr.c.obj                   22     0         0      
       s_copysign.c.obj               20     0         0      
       strlen.c.obj                   20     0         0      
       copy_zero_init.c.obj           18     0         0      
       wcslen.c.obj                   18     0         0      
       copy_decompress_none.c.obj     14     0         0      
       errno.c.obj                    8      0         4      
       exit.c.obj                     4      0         0      
       pre_init.c.obj                 4      0         0      
       div0.asm.obj                   2      0         0      
    +--+------------------------------+------+---------+---------+
       Total:                         7693   257       4      
                                                              
       Stack:                         0      0         2048   
       Linker Generated:              0      43        0      
    +--+------------------------------+------+---------+---------+
       Grand Total:                   9449   920       2072   


LINKER GENERATED COPY TABLES

__TI_cinit_table @ 00002880 records: 2, size/record: 8, table size: 16
	.bss: load addr=00002870, load size=00000008 bytes, run addr=20000800, run size=00000014 bytes, compression=zero_init
	.data: load addr=00002878, load size=00000007 bytes, run addr=20000814, run size=00000004 bytes, compression=lzss


LINKER GENERATED HANDLER TABLE

__TI_handler_table @ 00002860 records: 3, size/record: 4, table size: 12
	index: 0, handler: __TI_decompress_lzss
	index: 1, handler: __TI_decompress_none
	index: 2, handler: __TI_zero_init


GLOBAL SYMBOLS: SORTED ALPHABETICALLY BY Name 

address   name                          
-------   ----                          
00002759  C$$EXIT                       
00002737  ResetISR                      
20000800  __STACK_END                   
00000800  __STACK_SIZE                  
20000200  __STACK_TOP                   
00002880  __TI_CINIT_Base               
00002890  __TI_CINIT_Limit              
00002860  __TI_Handler_Table_Base       
0000286c  __TI_Handler_Table_Limit      
00002569  __TI_auto_init_nobinit_nopinit
0000230d  __TI_decompress_lzss          
00002729  __TI_decompress_none          
ffffffff  __TI_pprof_out_hndl           
0000026d  __TI_printfi                  
ffffffff  __TI_prof_data_size           
ffffffff  __TI_prof_data_start          
00000000  __TI_static_base__            
00002705  __TI_zero_init_nomemset       
00002119  __aeabi_cdcmpeq               
00002119  __aeabi_cdcmple               
0000219f  __aeabi_cdrcmple              
00002521  __aeabi_d2iz                  
0000167f  __aeabi_dadd                  
00001ad1  __aeabi_ddiv                  
00001e39  __aeabi_dmul                  
00001675  __aeabi_dsub                  
0000274d  __aeabi_errno_addr            
00002665  __aeabi_i2d                   
00000ccb  __aeabi_idiv0                 
00000ccb  __aeabi_ldiv0                 
00002225  __aeabi_memclr                
00002225  __aeabi_memclr4               
00002225  __aeabi_memclr8               
00001fe7  __aeabi_memcpy                
00001fe7  __aeabi_memcpy4               
00001fe7  __aeabi_memcpy8               
00002227  __aeabi_memset                
00002227  __aeabi_memset4               
00002227  __aeabi_memset8               
00002083  __aeabi_uldivmod              
ffffffff  __binit__                     
ffffffff  __c_args__                    
UNDEFED   __mpu_init                    
20000000  __stack                       
0000262d  _c_int00_noargs               
0000275c  _ctypes_                      
UNDEFED   _system_post_cinit            
00002755  _system_pre_init              
00002759  abort                         
00000d6d  ativarADC                     
00000d55  ativarRCGC                    
000024d5  atoi                          
ffffffff  binit                         
00000def  configurarADC0                
00000e7f  configurarADC1                
00000e23  configurarFilaADC0            
00000eb3  configurarFilaADC1            
00000d85  configurarInterrupcao         
00000d2f  configurarPino                
0000182d  configurarSysTick             
00000f0f  configurarUART0               
000026dd  copysign                      
000026dd  copysignl                     
20000800  data                          
00001873  delay                         
20000814  errno                         
00000f77  escreverUART0                 
00002375  frexp                         
00002375  frexpl                        
00000000  g_pfnVectors                  
00001897  getMicro                      
00001891  getMillis                     
00000dd1  habilitarADCPorts             
00000cfd  inverterBit                   
0000189d  itoa                          
00001d29  ldexp                         
00001d29  ldexpl                        
00000d17  lerBit                        
00000f93  lerUART                       
0000242f  ltoa                          
000013bd  main                          
00002693  memccpy                       
00001fe7  memcpy                        
0000222d  memset                        
2000080c  microsAtual                   
20000810  millisAtual                   
00001d29  scalbn                        
00001d29  scalbnl                       
0000138d  sendStruct                    
0000135b  sendUartText                  
00000ccd  setarBit                      
0000129d  setup                         
000025ad  sprintf                       
000026c7  strchr                        
000026f1  strlen                        
0000142b  trataPortA                    
0000142d  trataPortB                    
0000142f  trataPortC                    
00001431  trataPortD                    
00001433  trataPortE                    
00001435  trataPortF                    
00001845  trataST                       
00002717  wcslen                        


GLOBAL SYMBOLS: SORTED BY Symbol Address 

address   name                          
-------   ----                          
00000000  __TI_static_base__            
00000000  g_pfnVectors                  
0000026d  __TI_printfi                  
00000800  __STACK_SIZE                  
00000ccb  __aeabi_idiv0                 
00000ccb  __aeabi_ldiv0                 
00000ccd  setarBit                      
00000cfd  inverterBit                   
00000d17  lerBit                        
00000d2f  configurarPino                
00000d55  ativarRCGC                    
00000d6d  ativarADC                     
00000d85  configurarInterrupcao         
00000dd1  habilitarADCPorts             
00000def  configurarADC0                
00000e23  configurarFilaADC0            
00000e7f  configurarADC1                
00000eb3  configurarFilaADC1            
00000f0f  configurarUART0               
00000f77  escreverUART0                 
00000f93  lerUART                       
0000129d  setup                         
0000135b  sendUartText                  
0000138d  sendStruct                    
000013bd  main                          
0000142b  trataPortA                    
0000142d  trataPortB                    
0000142f  trataPortC                    
00001431  trataPortD                    
00001433  trataPortE                    
00001435  trataPortF                    
00001675  __aeabi_dsub                  
0000167f  __aeabi_dadd                  
0000182d  configurarSysTick             
00001845  trataST                       
00001873  delay                         
00001891  getMillis                     
00001897  getMicro                      
0000189d  itoa                          
00001ad1  __aeabi_ddiv                  
00001d29  ldexp                         
00001d29  ldexpl                        
00001d29  scalbn                        
00001d29  scalbnl                       
00001e39  __aeabi_dmul                  
00001fe7  __aeabi_memcpy                
00001fe7  __aeabi_memcpy4               
00001fe7  __aeabi_memcpy8               
00001fe7  memcpy                        
00002083  __aeabi_uldivmod              
00002119  __aeabi_cdcmpeq               
00002119  __aeabi_cdcmple               
0000219f  __aeabi_cdrcmple              
00002225  __aeabi_memclr                
00002225  __aeabi_memclr4               
00002225  __aeabi_memclr8               
00002227  __aeabi_memset                
00002227  __aeabi_memset4               
00002227  __aeabi_memset8               
0000222d  memset                        
0000230d  __TI_decompress_lzss          
00002375  frexp                         
00002375  frexpl                        
0000242f  ltoa                          
000024d5  atoi                          
00002521  __aeabi_d2iz                  
00002569  __TI_auto_init_nobinit_nopinit
000025ad  sprintf                       
0000262d  _c_int00_noargs               
00002665  __aeabi_i2d                   
00002693  memccpy                       
000026c7  strchr                        
000026dd  copysign                      
000026dd  copysignl                     
000026f1  strlen                        
00002705  __TI_zero_init_nomemset       
00002717  wcslen                        
00002729  __TI_decompress_none          
00002737  ResetISR                      
0000274d  __aeabi_errno_addr            
00002755  _system_pre_init              
00002759  C$$EXIT                       
00002759  abort                         
0000275c  _ctypes_                      
00002860  __TI_Handler_Table_Base       
0000286c  __TI_Handler_Table_Limit      
00002880  __TI_CINIT_Base               
00002890  __TI_CINIT_Limit              
20000000  __stack                       
20000200  __STACK_TOP                   
20000800  __STACK_END                   
20000800  data                          
2000080c  microsAtual                   
20000810  millisAtual                   
20000814  errno                         
ffffffff  __TI_pprof_out_hndl           
ffffffff  __TI_prof_data_size           
ffffffff  __TI_prof_data_start          
ffffffff  __binit__                     
ffffffff  __c_args__                    
ffffffff  binit                         
UNDEFED   __mpu_init                    
UNDEFED   _system_post_cinit            

[103 symbols]
